[web.mit.edu/rust-lang_v1.25/arch/amd64_ubuntu1404/share/doc/rust/html/nomicon/README.html]
[backblue.gif]
[fade.gif]
[index.html]
[web.mit.edu/rust-lang_v1.25/arch/amd64_ubuntu1404/share/doc/rust/html/nomicon/book.css]
[web.mit.edu/rust-lang_v1.25/arch/amd64_ubuntu1404/share/doc/rust/html/nomicon/favicon.png]
[web.mit.edu/rust-lang_v1.25/arch/amd64_ubuntu1404/share/doc/rust/html/nomicon/highlight.css]
[web.mit.edu/rust-lang_v1.25/arch/amd64_ubuntu1404/share/doc/rust/html/nomicon/tomorrow-night.css]
[web.mit.edu/rust-lang_v1.25/arch/amd64_ubuntu1404/share/doc/rust/html/nomicon/ayu-highlight.css]
[web.mit.edu/rust-lang_v1.25/arch/amd64_ubuntu1404/share/doc/rust/html/nomicon/meet-safe-and-unsafe.html]
[web.mit.edu/rust-lang_v1.25/arch/amd64_ubuntu1404/share/doc/rust/html/nomicon/safe-unsafe-meaning.html]
[web.mit.edu/rust-lang_v1.25/arch/amd64_ubuntu1404/share/doc/rust/html/nomicon/what-unsafe-does.html]
[web.mit.edu/rust-lang_v1.25/arch/amd64_ubuntu1404/share/doc/rust/html/nomicon/working-with-unsafe.html]
[web.mit.edu/rust-lang_v1.25/arch/amd64_ubuntu1404/share/doc/rust/html/nomicon/data.html]
[web.mit.edu/rust-lang_v1.25/arch/amd64_ubuntu1404/share/doc/rust/html/nomicon/repr-rust.html]
[web.mit.edu/rust-lang_v1.25/arch/amd64_ubuntu1404/share/doc/rust/html/nomicon/exotic-sizes.html]
[web.mit.edu/rust-lang_v1.25/arch/amd64_ubuntu1404/share/doc/rust/html/nomicon/other-reprs.html]
[web.mit.edu/rust-lang_v1.25/arch/amd64_ubuntu1404/share/doc/rust/html/nomicon/ownership.html]
[web.mit.edu/rust-lang_v1.25/arch/amd64_ubuntu1404/share/doc/rust/html/nomicon/references.html]
[web.mit.edu/rust-lang_v1.25/arch/amd64_ubuntu1404/share/doc/rust/html/nomicon/aliasing.html]
[web.mit.edu/rust-lang_v1.25/arch/amd64_ubuntu1404/share/doc/rust/html/nomicon/lifetimes.html]
[web.mit.edu/rust-lang_v1.25/arch/amd64_ubuntu1404/share/doc/rust/html/nomicon/lifetime-mismatch.html]
[web.mit.edu/rust-lang_v1.25/arch/amd64_ubuntu1404/share/doc/rust/html/nomicon/lifetime-elision.html]
[web.mit.edu/rust-lang_v1.25/arch/amd64_ubuntu1404/share/doc/rust/html/nomicon/unbounded-lifetimes.html]
[web.mit.edu/rust-lang_v1.25/arch/amd64_ubuntu1404/share/doc/rust/html/nomicon/hrtb.html]
[web.mit.edu/rust-lang_v1.25/arch/amd64_ubuntu1404/share/doc/rust/html/nomicon/subtyping.html]
[web.mit.edu/rust-lang_v1.25/arch/amd64_ubuntu1404/share/doc/rust/html/nomicon/dropck.html]
[web.mit.edu/rust-lang_v1.25/arch/amd64_ubuntu1404/share/doc/rust/html/nomicon/phantom-data.html]
[web.mit.edu/rust-lang_v1.25/arch/amd64_ubuntu1404/share/doc/rust/html/nomicon/borrow-splitting.html]
[web.mit.edu/rust-lang_v1.25/arch/amd64_ubuntu1404/share/doc/rust/html/nomicon/conversions.html]
[web.mit.edu/rust-lang_v1.25/arch/amd64_ubuntu1404/share/doc/rust/html/nomicon/coercions.html]
[web.mit.edu/rust-lang_v1.25/arch/amd64_ubuntu1404/share/doc/rust/html/nomicon/dot-operator.html]
[web.mit.edu/rust-lang_v1.25/arch/amd64_ubuntu1404/share/doc/rust/html/nomicon/casts.html]
[web.mit.edu/rust-lang_v1.25/arch/amd64_ubuntu1404/share/doc/rust/html/nomicon/transmutes.html]
[web.mit.edu/rust-lang_v1.25/arch/amd64_ubuntu1404/share/doc/rust/html/nomicon/uninitialized.html]
[web.mit.edu/rust-lang_v1.25/arch/amd64_ubuntu1404/share/doc/rust/html/nomicon/checked-uninit.html]
[web.mit.edu/rust-lang_v1.25/arch/amd64_ubuntu1404/share/doc/rust/html/nomicon/drop-flags.html]
[web.mit.edu/rust-lang_v1.25/arch/amd64_ubuntu1404/share/doc/rust/html/nomicon/unchecked-uninit.html]
[web.mit.edu/rust-lang_v1.25/arch/amd64_ubuntu1404/share/doc/rust/html/nomicon/obrm.html]
[web.mit.edu/rust-lang_v1.25/arch/amd64_ubuntu1404/share/doc/rust/html/nomicon/constructors.html]
[web.mit.edu/rust-lang_v1.25/arch/amd64_ubuntu1404/share/doc/rust/html/nomicon/destructors.html]
[web.mit.edu/rust-lang_v1.25/arch/amd64_ubuntu1404/share/doc/rust/html/nomicon/leaking.html]
[web.mit.edu/rust-lang_v1.25/arch/amd64_ubuntu1404/share/doc/rust/html/nomicon/unwinding.html]
[web.mit.edu/rust-lang_v1.25/arch/amd64_ubuntu1404/share/doc/rust/html/nomicon/exception-safety.html]
[web.mit.edu/rust-lang_v1.25/arch/amd64_ubuntu1404/share/doc/rust/html/nomicon/poisoning.html]
[web.mit.edu/rust-lang_v1.25/arch/amd64_ubuntu1404/share/doc/rust/html/nomicon/concurrency.html]
[web.mit.edu/rust-lang_v1.25/arch/amd64_ubuntu1404/share/doc/rust/html/nomicon/races.html]
[web.mit.edu/rust-lang_v1.25/arch/amd64_ubuntu1404/share/doc/rust/html/nomicon/send-and-sync.html]
[web.mit.edu/rust-lang_v1.25/arch/amd64_ubuntu1404/share/doc/rust/html/nomicon/atomics.html]
[web.mit.edu/rust-lang_v1.25/arch/amd64_ubuntu1404/share/doc/rust/html/nomicon/vec.html]
[web.mit.edu/rust-lang_v1.25/arch/amd64_ubuntu1404/share/doc/rust/html/nomicon/vec-layout.html]
[web.mit.edu/rust-lang_v1.25/arch/amd64_ubuntu1404/share/doc/rust/html/nomicon/vec-alloc.html]
[web.mit.edu/rust-lang_v1.25/arch/amd64_ubuntu1404/share/doc/rust/html/nomicon/vec-push-pop.html]
[web.mit.edu/rust-lang_v1.25/arch/amd64_ubuntu1404/share/doc/rust/html/nomicon/vec-dealloc.html]
[web.mit.edu/rust-lang_v1.25/arch/amd64_ubuntu1404/share/doc/rust/html/nomicon/vec-deref.html]
[web.mit.edu/rust-lang_v1.25/arch/amd64_ubuntu1404/share/doc/rust/html/nomicon/vec-insert-remove.html]
[web.mit.edu/rust-lang_v1.25/arch/amd64_ubuntu1404/share/doc/rust/html/nomicon/vec-into-iter.html]
[web.mit.edu/rust-lang_v1.25/arch/amd64_ubuntu1404/share/doc/rust/html/nomicon/vec-raw.html]
[web.mit.edu/rust-lang_v1.25/arch/amd64_ubuntu1404/share/doc/rust/html/nomicon/vec-drain.html]
[web.mit.edu/rust-lang_v1.25/arch/amd64_ubuntu1404/share/doc/rust/html/nomicon/vec-zsts.html]
[web.mit.edu/rust-lang_v1.25/arch/amd64_ubuntu1404/share/doc/rust/html/nomicon/vec-final.html]
[web.mit.edu/rust-lang_v1.25/arch/amd64_ubuntu1404/share/doc/rust/html/nomicon/arc-and-mutex.html]
[web.mit.edu/rust-lang_v1.25/arch/amd64_ubuntu1404/share/doc/rust/html/nomicon/ffi.html]
[web.mit.edu/rust-lang_v1.25/arch/amd64_ubuntu1404/share/doc/rust/html/nomicon/print.html]
[web.mit.edu/rust-lang_v1.25/arch/amd64_ubuntu1404/share/doc/rust/html/nomicon/_FontAwesome/css/font-awesome.css]
[web.mit.edu/rust-lang_v1.25/arch/amd64_ubuntu1404/share/doc/rust/html/nomicon/highlight.js]
[web.mit.edu/rust-lang_v1.25/arch/amd64_ubuntu1404/share/doc/rust/html/nomicon/book.js]
[web.mit.edu/rust-lang_v1.25/arch/amd64_ubuntu1404/share/doc/rust/html/nomicon/README.html]
[web.mit.edu/rust-lang_v1.25/arch/amd64_ubuntu1404/share/doc/rust/html/nomicon/book.css]
[web.mit.edu/rust-lang_v1.25/arch/amd64_ubuntu1404/share/doc/rust/html/nomicon/highlight.css]
[web.mit.edu/rust-lang_v1.25/arch/amd64_ubuntu1404/share/doc/rust/html/nomicon/tomorrow-night.css]
[web.mit.edu/rust-lang_v1.25/arch/amd64_ubuntu1404/share/doc/rust/html/nomicon/ayu-highlight.css]
[web.mit.edu/rust-lang_v1.25/arch/amd64_ubuntu1404/share/doc/rust/html/nomicon/meet-safe-and-unsafe.html]
[web.mit.edu/rust-lang_v1.25/arch/amd64_ubuntu1404/share/doc/rust/html/nomicon/safe-unsafe-meaning.html]
[web.mit.edu/rust-lang_v1.25/arch/amd64_ubuntu1404/share/doc/rust/html/nomicon/what-unsafe-does.html]
[web.mit.edu/rust-lang_v1.25/arch/amd64_ubuntu1404/share/doc/rust/html/nomicon/working-with-unsafe.html]
[web.mit.edu/rust-lang_v1.25/arch/amd64_ubuntu1404/share/doc/rust/html/nomicon/data.html]
[web.mit.edu/rust-lang_v1.25/arch/amd64_ubuntu1404/share/doc/rust/html/nomicon/repr-rust.html]
[web.mit.edu/rust-lang_v1.25/arch/amd64_ubuntu1404/share/doc/rust/html/nomicon/exotic-sizes.html]
[web.mit.edu/rust-lang_v1.25/arch/amd64_ubuntu1404/share/doc/rust/html/nomicon/other-reprs.html]
[web.mit.edu/rust-lang_v1.25/arch/amd64_ubuntu1404/share/doc/rust/html/nomicon/ownership.html]
[web.mit.edu/rust-lang_v1.25/arch/amd64_ubuntu1404/share/doc/rust/html/nomicon/references.html]
[web.mit.edu/rust-lang_v1.25/arch/amd64_ubuntu1404/share/doc/rust/html/nomicon/aliasing.html]
[web.mit.edu/rust-lang_v1.25/arch/amd64_ubuntu1404/share/doc/rust/html/nomicon/lifetimes.html]
[web.mit.edu/rust-lang_v1.25/arch/amd64_ubuntu1404/share/doc/rust/html/nomicon/lifetime-mismatch.html]
[web.mit.edu/rust-lang_v1.25/arch/amd64_ubuntu1404/share/doc/rust/html/nomicon/lifetime-elision.html]
[web.mit.edu/rust-lang_v1.25/arch/amd64_ubuntu1404/share/doc/rust/html/nomicon/unbounded-lifetimes.html]
[web.mit.edu/rust-lang_v1.25/arch/amd64_ubuntu1404/share/doc/rust/html/nomicon/hrtb.html]
[web.mit.edu/rust-lang_v1.25/arch/amd64_ubuntu1404/share/doc/rust/html/nomicon/subtyping.html]
[web.mit.edu/rust-lang_v1.25/arch/amd64_ubuntu1404/share/doc/rust/html/nomicon/dropck.html]
[web.mit.edu/rust-lang_v1.25/arch/amd64_ubuntu1404/share/doc/rust/html/nomicon/phantom-data.html]
[web.mit.edu/rust-lang_v1.25/arch/amd64_ubuntu1404/share/doc/rust/html/nomicon/borrow-splitting.html]
[web.mit.edu/rust-lang_v1.25/arch/amd64_ubuntu1404/share/doc/rust/html/nomicon/conversions.html]
[web.mit.edu/rust-lang_v1.25/arch/amd64_ubuntu1404/share/doc/rust/html/nomicon/coercions.html]
[web.mit.edu/rust-lang_v1.25/arch/amd64_ubuntu1404/share/doc/rust/html/nomicon/dot-operator.html]
[web.mit.edu/rust-lang_v1.25/arch/amd64_ubuntu1404/share/doc/rust/html/nomicon/casts.html]
[web.mit.edu/rust-lang_v1.25/arch/amd64_ubuntu1404/share/doc/rust/html/nomicon/transmutes.html]
[web.mit.edu/rust-lang_v1.25/arch/amd64_ubuntu1404/share/doc/rust/html/nomicon/uninitialized.html]
[web.mit.edu/rust-lang_v1.25/arch/amd64_ubuntu1404/share/doc/rust/html/nomicon/checked-uninit.html]
[web.mit.edu/rust-lang_v1.25/arch/amd64_ubuntu1404/share/doc/rust/html/nomicon/drop-flags.html]
[web.mit.edu/rust-lang_v1.25/arch/amd64_ubuntu1404/share/doc/rust/html/nomicon/unchecked-uninit.html]
[web.mit.edu/rust-lang_v1.25/arch/amd64_ubuntu1404/share/doc/rust/html/nomicon/obrm.html]
[web.mit.edu/rust-lang_v1.25/arch/amd64_ubuntu1404/share/doc/rust/html/nomicon/constructors.html]
[web.mit.edu/rust-lang_v1.25/arch/amd64_ubuntu1404/share/doc/rust/html/nomicon/destructors.html]
[web.mit.edu/rust-lang_v1.25/arch/amd64_ubuntu1404/share/doc/rust/html/nomicon/leaking.html]
[web.mit.edu/rust-lang_v1.25/arch/amd64_ubuntu1404/share/doc/rust/html/nomicon/unwinding.html]
[web.mit.edu/rust-lang_v1.25/arch/amd64_ubuntu1404/share/doc/rust/html/nomicon/exception-safety.html]
[web.mit.edu/rust-lang_v1.25/arch/amd64_ubuntu1404/share/doc/rust/html/nomicon/poisoning.html]
[web.mit.edu/rust-lang_v1.25/arch/amd64_ubuntu1404/share/doc/rust/html/nomicon/concurrency.html]
[web.mit.edu/rust-lang_v1.25/arch/amd64_ubuntu1404/share/doc/rust/html/nomicon/races.html]
[web.mit.edu/rust-lang_v1.25/arch/amd64_ubuntu1404/share/doc/rust/html/nomicon/send-and-sync.html]
[web.mit.edu/rust-lang_v1.25/arch/amd64_ubuntu1404/share/doc/rust/html/nomicon/atomics.html]
[web.mit.edu/rust-lang_v1.25/arch/amd64_ubuntu1404/share/doc/rust/html/nomicon/vec.html]
[web.mit.edu/rust-lang_v1.25/arch/amd64_ubuntu1404/share/doc/rust/html/nomicon/vec-layout.html]
[web.mit.edu/rust-lang_v1.25/arch/amd64_ubuntu1404/share/doc/rust/html/nomicon/vec-alloc.html]
[web.mit.edu/rust-lang_v1.25/arch/amd64_ubuntu1404/share/doc/rust/html/nomicon/vec-push-pop.html]
[web.mit.edu/rust-lang_v1.25/arch/amd64_ubuntu1404/share/doc/rust/html/nomicon/vec-dealloc.html]
[web.mit.edu/rust-lang_v1.25/arch/amd64_ubuntu1404/share/doc/rust/html/nomicon/vec-deref.html]
[web.mit.edu/rust-lang_v1.25/arch/amd64_ubuntu1404/share/doc/rust/html/nomicon/vec-insert-remove.html]
[web.mit.edu/rust-lang_v1.25/arch/amd64_ubuntu1404/share/doc/rust/html/nomicon/vec-into-iter.html]
[web.mit.edu/rust-lang_v1.25/arch/amd64_ubuntu1404/share/doc/rust/html/nomicon/vec-raw.html]
[web.mit.edu/rust-lang_v1.25/arch/amd64_ubuntu1404/share/doc/rust/html/nomicon/vec-drain.html]
[web.mit.edu/rust-lang_v1.25/arch/amd64_ubuntu1404/share/doc/rust/html/nomicon/vec-zsts.html]
[web.mit.edu/rust-lang_v1.25/arch/amd64_ubuntu1404/share/doc/rust/html/nomicon/vec-final.html]
[web.mit.edu/rust-lang_v1.25/arch/amd64_ubuntu1404/share/doc/rust/html/nomicon/arc-and-mutex.html]
[web.mit.edu/rust-lang_v1.25/arch/amd64_ubuntu1404/share/doc/rust/html/nomicon/ffi.html]
[web.mit.edu/rust-lang_v1.25/arch/amd64_ubuntu1404/share/doc/rust/html/nomicon/print.html]
[web.mit.edu/rust-lang_v1.25/arch/amd64_ubuntu1404/share/doc/rust/html/nomicon/_FontAwesome/fonts/fontawesome-webfont93e3.eot]
[web.mit.edu/rust-lang_v1.25/arch/amd64_ubuntu1404/share/doc/rust/html/nomicon/_FontAwesome/fonts/fontawesome-webfontd41d.eot]
[web.mit.edu/rust-lang_v1.25/arch/amd64_ubuntu1404/share/doc/rust/html/nomicon/_FontAwesome/fonts/fontawesome-webfont93e3.woff2]
[web.mit.edu/rust-lang_v1.25/arch/amd64_ubuntu1404/share/doc/rust/html/nomicon/_FontAwesome/fonts/fontawesome-webfont93e3.woff]
[web.mit.edu/rust-lang_v1.25/arch/amd64_ubuntu1404/share/doc/rust/html/nomicon/_FontAwesome/fonts/fontawesome-webfont93e3.ttf]
[web.mit.edu/rust-lang_v1.25/arch/amd64_ubuntu1404/share/doc/rust/html/nomicon/_FontAwesome/css/font-awesome.css]
[web.mit.edu/rust-lang_v1.25/arch/amd64_ubuntu1404/share/doc/rust/html/nomicon/img/safeandunsafe.svg]
[web.mit.edu/rust-lang_v1.25/arch/amd64_ubuntu1404/share/doc/rust/html/nomicon/_FontAwesome/fonts/fontawesome-webfont93e3.svg]
