[oska874.gitbooks.io/process-scheduling-in-linux/content/index.html]
[backblue.gif]
[fade.gif]
[index.html]
[oska874.gitbooks.io/process-scheduling-in-linux/content/gitbook/style.css]
[oska874.gitbooks.io/process-scheduling-in-linux/content/gitbook/gitbook-plugin-comment/plugin.css]
[oska874.gitbooks.io/process-scheduling-in-linux/content/gitbook/gitbook-plugin-highlight/website.css]
[oska874.gitbooks.io/process-scheduling-in-linux/content/gitbook/gitbook-plugin-search/search.css]
[oska874.gitbooks.io/process-scheduling-in-linux/content/gitbook/gitbook-plugin-fontsettings/website.css]
[oska874.gitbooks.io/process-scheduling-in-linux/content/gitbook/images/apple-touch-icon-precomposed-152.png]
[oska874.gitbooks.io/process-scheduling-in-linux/content/chapter1.html]
[oska874.gitbooks.io/process-scheduling-in-linux/content/chapter2.html]
[oska874.gitbooks.io/process-scheduling-in-linux/content/chapter3.html]
[oska874.gitbooks.io/process-scheduling-in-linux/content/chapter4.html]
[oska874.gitbooks.io/process-scheduling-in-linux/content/chapter5.html]
[oska874.gitbooks.io/process-scheduling-in-linux/content/chapter6.html]
[oska874.gitbooks.io/process-scheduling-in-linux/content/chapter7.html]
[oska874.gitbooks.io/process-scheduling-in-linux/content/chapter8.html]
[oska874.gitbooks.io/process-scheduling-in-linux/content/chapter9.html]
[oska874.gitbooks.io/process-scheduling-in-linux/content/chapter10.html]
[oska874.gitbooks.io/process-scheduling-in-linux/content/chapter11.html]
[oska874.gitbooks.io/process-scheduling-in-linux/content/chapter12.html]
[oska874.gitbooks.io/process-scheduling-in-linux/content/.html]
[oska874.gitbooks.io/process-scheduling-in-linux/content/gitbook/gitbook.js]
[oska874.gitbooks.io/process-scheduling-in-linux/content/gitbook/gitbook-plugin-comment/plugin.js]
[oska874.gitbooks.io/process-scheduling-in-linux/content/gitbook/theme.js]
[oska874.gitbooks.io/process-scheduling-in-linux/content/gitbook/gitbook-plugin-search/search-engine.js]
[oska874.gitbooks.io/process-scheduling-in-linux/content/gitbook/gitbook-plugin-search/search.js]
[oska874.gitbooks.io/process-scheduling-in-linux/content/gitbook/gitbook-plugin-lunr/lunr.min.js]
[oska874.gitbooks.io/process-scheduling-in-linux/content/gitbook/gitbook-plugin-lunr/search-lunr.js]
[oska874.gitbooks.io/process-scheduling-in-linux/content/gitbook/gitbook-plugin-sharing/buttons.js]
[oska874.gitbooks.io/process-scheduling-in-linux/content/index.html]
[oska874.gitbooks.io/process-scheduling-in-linux/content/gitbook/gitbook-plugin-fontsettings/fontsettings.js]
[oska874.gitbooks.io/process-scheduling-in-linux/content/gitbook/fonts/fontawesome/fontawesome-webfont3295.eot]
[oska874.gitbooks.io/process-scheduling-in-linux/content/gitbook/fonts/fontawesome/fontawesome-webfontd41d.eot]
[oska874.gitbooks.io/process-scheduling-in-linux/content/gitbook/fonts/fontawesome/fontawesome-webfont3295.woff2]
[oska874.gitbooks.io/process-scheduling-in-linux/content/gitbook/fonts/fontawesome/fontawesome-webfont3295.woff]
[oska874.gitbooks.io/process-scheduling-in-linux/content/gitbook/fonts/fontawesome/fontawesome-webfont3295.ttf]
[oska874.gitbooks.io/process-scheduling-in-linux/content/gitbook/style.css]
[oska874.gitbooks.io/process-scheduling-in-linux/content/gitbook/gitbook-plugin-comment/plugin.css]
[oska874.gitbooks.io/process-scheduling-in-linux/content/gitbook/gitbook-plugin-highlight/website.css]
[oska874.gitbooks.io/process-scheduling-in-linux/content/gitbook/gitbook-plugin-search/search.css]
[oska874.gitbooks.io/process-scheduling-in-linux/content/gitbook/gitbook-plugin-fontsettings/website.css]
[oska874.gitbooks.io/process-scheduling-in-linux/content/chapter1.html]
[oska874.gitbooks.io/process-scheduling-in-linux/content/chapter2.html]
[oska874.gitbooks.io/process-scheduling-in-linux/content/chapter3.html]
[oska874.gitbooks.io/process-scheduling-in-linux/content/chapter4.html]
[oska874.gitbooks.io/process-scheduling-in-linux/content/chapter5.html]
[oska874.gitbooks.io/process-scheduling-in-linux/content/chapter6.html]
[oska874.gitbooks.io/process-scheduling-in-linux/content/chapter7.html]
[oska874.gitbooks.io/process-scheduling-in-linux/content/chapter8.html]
[oska874.gitbooks.io/process-scheduling-in-linux/content/chapter9.html]
[oska874.gitbooks.io/process-scheduling-in-linux/content/gitbook/fonts/fontawesome/fontawesome-webfont3295.svg]
[oska874.gitbooks.io/process-scheduling-in-linux/content/chapter10.html]
[oska874.gitbooks.io/process-scheduling-in-linux/content/chapter11.html]
[oska874.gitbooks.io/process-scheduling-in-linux/content/chapter12.html]
[oska874.gitbooks.io/process-scheduling-in-linux/content/.html]
[oska874.gitbooks.io/process-scheduling-in-linux/content/gitbook/fonts/fontawesome/fontawesome-webfont3295.svg]
[oska874.gitbooks.io/process-scheduling-in-linux/content/2016-08-04-001245_1178x602_scrot.png]
