[xcellerator.github.io/index.html]
[backblue.gif]
[fade.gif]
[index.html]
[xcellerator.github.io/assets/style.css]
[xcellerator.github.io/assets/blue.css]
[xcellerator.github.io/img/apple-touch-icon-144-precomposed.png]
[xcellerator.github.io/img/favicon/blue.png]
[xcellerator.github.io/index.xml]
[xcellerator.github.io/assets/main.js]
[xcellerator.github.io/categories/cryptography/index.html]
[xcellerator.github.io/categories/linux/index.html]
[xcellerator.github.io/categories/reverse_engineering/index.html]
[xcellerator.github.io/categories/other/index.html]
[xcellerator.github.io/index.html]
[xcellerator.github.io/assets/prism.js]
[xcellerator.github.io/posts/linux_rootkits_11/index.html]
[xcellerator.github.io/posts/bggp21/index.html]
[xcellerator.github.io/posts/bggp4/index.html]
[xcellerator.github.io/posts/tetsuji/index.html]
[xcellerator.github.io/assets/62da0ac51db1e4a3a4d57b9154a344fc.woff]
[xcellerator.github.io/tags/rootkit/index.html]
[xcellerator.github.io/tags/linux/index.html]
[xcellerator.github.io/assets/2bf08001f42c34e30e1de9d2eb81aead.woff]
[xcellerator.github.io/assets/style.css]
[xcellerator.github.io/posts/linux_rootkits_10/index.html]
[xcellerator.github.io/posts/bleeding_tooth/index.html]
[xcellerator.github.io/posts/linux_rootkits_09/index.html]
[xcellerator.github.io/assets/blue.css]
[xcellerator.github.io/tags/stealth/index.html]
[xcellerator.github.io/posts/linux_rootkits_08/index.html]
[xcellerator.github.io/img/apple-touch-icon-144-precomposed.html]
[xcellerator.github.io/posts/linux_rootkits_07/index.html]
[xcellerator.github.io/posts/docker_escape/index.html]
[xcellerator.github.io/categories/cryptography/index.xml]
[xcellerator.github.io/page/2/index.html]
[xcellerator.github.io/categories/cryptography/index.html]
[xcellerator.github.io/posts/linux_rootkits_04/index.html]
[xcellerator.github.io/categories/linux/index.xml]
[xcellerator.github.io/categories/linux/index.html]
[xcellerator.github.io/posts/linux_rootkits_05/index.html]
[xcellerator.github.io/posts/linux_rootkits_06/index.html]
[xcellerator.github.io/categories/other/index.xml]
[xcellerator.github.io/categories/other/index.html]
[xcellerator.github.io/categories/linux/page/2/index.html]
[xcellerator.github.io/posts/check_back_soon/index.html]
[xcellerator.github.io/categories/reverse_engineering/index.xml]
[xcellerator.github.io/categories/reverse_engineering/index.html]
[xcellerator.github.io/posts/yubikey/index.html]
[xcellerator.github.io/posts/bggp/index.html]
[xcellerator.github.io/posts/bggp4/index.html]
[xcellerator.github.io/img/CrystalSendingPokemon.gif]
[xcellerator.github.io/img/CrystalReceivingPokemon.gif]
[xcellerator.github.io/img/CrystalRepeatDeath.gif]
[xcellerator.github.io/img/LugiaVsGyarados.png]
[xcellerator.github.io/img/tetsujidebugger.png]
[xcellerator.github.io/img/TetsujiExploit.gif]
[xcellerator.github.io/posts/tetsuji/index.html]
[xcellerator.github.io/img/janus.png]
[xcellerator.github.io/posts/bggp21/index.html]
[xcellerator.github.io/posts/linux_rootkits_11/index.html]
[xcellerator.github.io/tags/linux/index.html]
[xcellerator.github.io/tags/rootkit/index.html]
[xcellerator.github.io/tags/kernel-5.7/index.html]
[xcellerator.github.io/posts/linux_rootkits_03/index.html]
[xcellerator.github.io/posts/linux_rootkits_02/index.html]
[xcellerator.github.io/posts/linux_rootkits_01/index.html]
[xcellerator.github.io/posts/linux_rootkits_10/index.html]
[xcellerator.github.io/tags/drovorub/index.html]
[xcellerator.github.io/tags/fancy-bear/index.html]
[xcellerator.github.io/posts/bleeding_tooth/index.html]
[xcellerator.github.io/tags/information-leak/index.html]
[xcellerator.github.io/tags/bleedingtooth/index.html]
[xcellerator.github.io/tags/bluetooth/index.html]
[xcellerator.github.io/img/hiding_logged_in_users.png]
[xcellerator.github.io/posts/linux_rootkits_09/index.html]
[xcellerator.github.io/tags/stealth/index.html]
[xcellerator.github.io/tags/logged-in/index.html]
[xcellerator.github.io/tags/users/index.html]
[xcellerator.github.io/img/hiding_ports.png]
[xcellerator.github.io/posts/linux_rootkits_08/index.html]
[xcellerator.github.io/tags/ports/index.html]
[xcellerator.github.io/tags/network/index.html]
[xcellerator.github.io/img/hide_process.png]
[xcellerator.github.io/posts/linux_rootkits_07/index.html]
[xcellerator.github.io/tags/processes/index.html]
[xcellerator.github.io/img/escape.png]
[xcellerator.github.io/posts/docker_escape/index.html]
[xcellerator.github.io/tags/privileged/index.html]
[xcellerator.github.io/tags/docker/index.html]
[xcellerator.github.io/tags/container/index.html]
[xcellerator.github.io/tags/escape/index.html]
[xcellerator.github.io/page/2/index.html]
[xcellerator.github.io/posts/linux_rootkits_04/index.html]
[xcellerator.github.io/tags/char/index.html]
[xcellerator.github.io/tags/device/index.html]
[xcellerator.github.io/tags/random/index.html]
[xcellerator.github.io/tags/urandom/index.html]
[xcellerator.github.io/img/boogaloo.png]
[xcellerator.github.io/posts/linux_rootkits_06/index.html]
[xcellerator.github.io/tags/directories/index.html]
[xcellerator.github.io/posts/linux_rootkits_05/index.html]
[xcellerator.github.io/tags/linked-lists/index.html]
[xcellerator.github.io/categories/linux/page/2/index.html]
[xcellerator.github.io/posts/check_back_soon/index.html]
[xcellerator.github.io/posts/bggp/index.html]
[xcellerator.github.io/posts/yubikey/index.html]
[xcellerator.github.io/posts/linux_rootkits_03/index.html]
[xcellerator.github.io/posts/linux_rootkits_02/index.html]
[xcellerator.github.io/posts/linux_rootkits_01/index.html]
[xcellerator.github.io/tags/root/index.html]
[xcellerator.github.io/tags/backdoor/index.html]
[xcellerator.github.io/tags/ftrace/index.html]
