[veykril.github.io/tlborm/index.html]
[backblue.gif]
[fade.gif]
[index.html]
[veykril.github.io/tlborm/favicon.svg]
[veykril.github.io/tlborm/favicon.png]
[veykril.github.io/tlborm/css/variables.css]
[veykril.github.io/tlborm/css/general.css]
[veykril.github.io/tlborm/css/chrome.css]
[veykril.github.io/tlborm/css/print.css]
[veykril.github.io/tlborm/FontAwesome/css/font-awesome.css]
[veykril.github.io/tlborm/fonts/fonts.css]
[veykril.github.io/tlborm/highlight.css]
[veykril.github.io/tlborm/tomorrow-night.css]
[veykril.github.io/tlborm/ayu-highlight.css]
[veykril.github.io/tlborm/res/rust-syntax-bg-highlight.css]
[veykril.github.io/tlborm/introduction.html]
[veykril.github.io/tlborm/syntax-extensions.html]
[veykril.github.io/tlborm/syntax-extensions/source-analysis.html]
[veykril.github.io/tlborm/syntax-extensions/ast.html]
[veykril.github.io/tlborm/syntax-extensions/expansion.html]
[veykril.github.io/tlborm/syntax-extensions/hygiene.html]
[veykril.github.io/tlborm/syntax-extensions/debugging.html]
[veykril.github.io/tlborm/decl-macros.html]
[veykril.github.io/tlborm/decl-macros/macros-methodical.html]
[veykril.github.io/tlborm/decl-macros/macros-practical.html]
[veykril.github.io/tlborm/decl-macros/minutiae.html]
[veykril.github.io/tlborm/decl-macros/minutiae/fragment-specifiers.html]
[veykril.github.io/tlborm/decl-macros/minutiae/metavar-and-expansion.html]
[veykril.github.io/tlborm/decl-macros/minutiae/metavar-expr.html]
[veykril.github.io/tlborm/decl-macros/minutiae/hygiene.html]
[veykril.github.io/tlborm/decl-macros/minutiae/identifiers.html]
[veykril.github.io/tlborm/decl-macros/minutiae/debugging.html]
[veykril.github.io/tlborm/decl-macros/minutiae/scoping.html]
[veykril.github.io/tlborm/decl-macros/minutiae/import-export.html]
[veykril.github.io/tlborm/decl-macros/patterns.html]
[veykril.github.io/tlborm/decl-macros/patterns/callbacks.html]
[veykril.github.io/tlborm/decl-macros/patterns/tt-muncher.html]
[veykril.github.io/tlborm/decl-macros/patterns/internal-rules.html]
[veykril.github.io/tlborm/decl-macros/patterns/push-down-acc.html]
[veykril.github.io/tlborm/decl-macros/patterns/repetition-replacement.html]
[veykril.github.io/tlborm/decl-macros/patterns/tt-bundling.html]
[veykril.github.io/tlborm/decl-macros/building-blocks.html]
[veykril.github.io/tlborm/decl-macros/building-blocks/ast-coercion.html]
[veykril.github.io/tlborm/decl-macros/building-blocks/counting.html]
[veykril.github.io/tlborm/decl-macros/building-blocks/abacus-counting.html]
[veykril.github.io/tlborm/decl-macros/building-blocks/parsing.html]
[veykril.github.io/tlborm/decl-macros/macros2.html]
[veykril.github.io/tlborm/proc-macros.html]
[veykril.github.io/tlborm/proc-macros/methodical.html]
[veykril.github.io/tlborm/proc-macros/methodical/function-like.html]
[veykril.github.io/tlborm/proc-macros/methodical/attr.html]
[veykril.github.io/tlborm/proc-macros/methodical/derive.html]
[veykril.github.io/tlborm/proc-macros/third-party-crates.html]
[veykril.github.io/tlborm/proc-macros/hygiene.html]
[veykril.github.io/tlborm/glossary.html]
[veykril.github.io/tlborm/print.html]
[veykril.github.io/tlborm/elasticlunr.min.js]
[veykril.github.io/tlborm/mark.min.js]
[veykril.github.io/tlborm/searcher.js]
[veykril.github.io/tlborm/clipboard.min.js]
[veykril.github.io/tlborm/highlight.js]
[veykril.github.io/tlborm/book.js]
[veykril.github.io/tlborm/index.html]
[veykril.github.io/tlborm/favicon.svg]
[veykril.github.io/tlborm/css/variables.css]
[veykril.github.io/tlborm/css/general.css]
[veykril.github.io/tlborm/css/chrome.css]
[veykril.github.io/tlborm/css/print.css]
[veykril.github.io/tlborm/FontAwesome/fonts/fontawesome-webfont3e6e.eot]
[veykril.github.io/tlborm/FontAwesome/fonts/fontawesome-webfontd41d.eot]
[veykril.github.io/tlborm/FontAwesome/fonts/fontawesome-webfont3e6e.woff2]
[veykril.github.io/tlborm/FontAwesome/fonts/fontawesome-webfont3e6e.woff]
[veykril.github.io/tlborm/FontAwesome/fonts/fontawesome-webfont3e6e.ttf]
[veykril.github.io/tlborm/FontAwesome/css/font-awesome.css]
[veykril.github.io/tlborm/FontAwesome/fonts/fontawesome-webfont3e6e.svg]
[veykril.github.io/tlborm/fonts/open-sans-v17-all-charsets-300.woff2]
[veykril.github.io/tlborm/fonts/open-sans-v17-all-charsets-300italic.woff2]
[veykril.github.io/tlborm/fonts/open-sans-v17-all-charsets-regular.woff2]
[veykril.github.io/tlborm/fonts/open-sans-v17-all-charsets-italic.woff2]
[veykril.github.io/tlborm/fonts/open-sans-v17-all-charsets-600.woff2]
[veykril.github.io/tlborm/fonts/open-sans-v17-all-charsets-600italic.woff2]
[veykril.github.io/tlborm/fonts/open-sans-v17-all-charsets-700.woff2]
[veykril.github.io/tlborm/fonts/open-sans-v17-all-charsets-700italic.woff2]
[veykril.github.io/tlborm/fonts/open-sans-v17-all-charsets-800.woff2]
[veykril.github.io/tlborm/fonts/open-sans-v17-all-charsets-800italic.woff2]
[veykril.github.io/tlborm/fonts/source-code-pro-v11-all-charsets-500.woff2]
[veykril.github.io/tlborm/fonts/fonts.css]
[veykril.github.io/tlborm/highlight.css]
[veykril.github.io/tlborm/tomorrow-night.css]
[veykril.github.io/tlborm/ayu-highlight.css]
[veykril.github.io/tlborm/res/rust-syntax-bg-highlight.css]
[veykril.github.io/tlborm/introduction.html]
[veykril.github.io/tlborm/syntax-extensions.html]
[veykril.github.io/tlborm/syntax-extensions/source-analysis.html]
[veykril.github.io/tlborm/syntax-extensions/ast.html]
[veykril.github.io/tlborm/syntax-extensions/expansion.html]
[veykril.github.io/tlborm/syntax-extensions/hygiene.html]
[veykril.github.io/tlborm/syntax-extensions/debugging.html]
[veykril.github.io/tlborm/decl-macros.html]
[veykril.github.io/tlborm/decl-macros/macros-methodical.html]
[veykril.github.io/tlborm/decl-macros/macros-practical.html]
[veykril.github.io/tlborm/decl-macros/minutiae.html]
[veykril.github.io/tlborm/decl-macros/minutiae/fragment-specifiers.html]
[veykril.github.io/tlborm/decl-macros/minutiae/metavar-and-expansion.html]
[veykril.github.io/tlborm/decl-macros/minutiae/metavar-expr.html]
[veykril.github.io/tlborm/decl-macros/minutiae/hygiene.html]
[veykril.github.io/tlborm/decl-macros/minutiae/identifiers.html]
[veykril.github.io/tlborm/decl-macros/minutiae/debugging.html]
[veykril.github.io/tlborm/decl-macros/minutiae/scoping.html]
[veykril.github.io/tlborm/decl-macros/minutiae/import-export.html]
[veykril.github.io/tlborm/decl-macros/patterns.html]
[veykril.github.io/tlborm/decl-macros/patterns/callbacks.html]
[veykril.github.io/tlborm/decl-macros/patterns/tt-muncher.html]
[veykril.github.io/tlborm/decl-macros/patterns/internal-rules.html]
[veykril.github.io/tlborm/decl-macros/patterns/push-down-acc.html]
[veykril.github.io/tlborm/decl-macros/patterns/repetition-replacement.html]
[veykril.github.io/tlborm/decl-macros/patterns/tt-bundling.html]
[veykril.github.io/tlborm/decl-macros/building-blocks.html]
[veykril.github.io/tlborm/decl-macros/building-blocks/ast-coercion.html]
[veykril.github.io/tlborm/decl-macros/building-blocks/counting.html]
[veykril.github.io/tlborm/decl-macros/building-blocks/abacus-counting.html]
[veykril.github.io/tlborm/decl-macros/building-blocks/parsing.html]
[veykril.github.io/tlborm/decl-macros/macros2.html]
[veykril.github.io/tlborm/proc-macros.html]
[veykril.github.io/tlborm/proc-macros/methodical.html]
[veykril.github.io/tlborm/proc-macros/methodical/function-like.html]
[veykril.github.io/tlborm/proc-macros/methodical/attr.html]
[veykril.github.io/tlborm/proc-macros/methodical/derive.html]
[veykril.github.io/tlborm/proc-macros/third-party-crates.html]
[veykril.github.io/tlborm/proc-macros/hygiene.html]
[veykril.github.io/tlborm/glossary.html]
[veykril.github.io/tlborm/print.html]
[veykril.github.io/tlborm/FontAwesome/fonts/fontawesome-webfont3e6e.svg]
